python : Traceback (most recent call last):
At line:1 char:1
+ python test_manual.py > test_output.txt 2>&1; Get-Content test_output ...
+ ~~~~~~~~~~~~~~~~~~~~~~~~~~~~~~~~~~~~~~~~~~~~
    + CategoryInfo          : NotSpecified: (Traceback (most recent call last)::String) [],  
   RemoteException
    + FullyQualifiedErrorId : NativeCommandError
 
  File "D:\Trading_Bot\test_manual.py", line 403, in <module>
    print("""
  File "C:\Python312\Lib\encodings\cp1252.py", line 19, in encode
    return codecs.charmap_encode(input,self.errors,encoding_table)[0]
           ^^^^^^^^^^^^^^^^^^^^^^^^^^^^^^^^^^^^^^^^^^^^^^^^^^^^^^^
UnicodeEncodeError: 'charmap' codec can't encode characters in position 2-69: character maps 
to <undefined>
